2025-08-05 20:55:26 | ERROR    | src.core.signals     | get_signal_summary:424  | Signal summary calculation failed: division by zero
{"timestamp": "2025-08-05T21:27:22.477636", "level": "ERROR", "logger": "src.core.signals", "message": "Signal summary calculation failed: division by zero", "module": "signals", "function": "get_signal_summary", "line": 451, "taskName": null, "asctime": "21:27:22"}
{"timestamp": "2025-08-05T21:35:49.631320", "level": "ERROR", "logger": "src.core.signals", "message": "Signal summary calculation failed: division by zero", "module": "signals", "function": "get_signal_summary", "line": 535, "taskName": null, "asctime": "21:35:49"}
{"timestamp": "2025-08-05T21:37:53.819613", "level": "ERROR", "logger": "src.core.signals", "message": "Signal summary calculation failed: division by zero", "module": "signals", "function": "get_signal_summary", "line": 535, "taskName": null, "asctime": "21:37:53"}
2025-08-05 21:50:26 | ERROR    | src.scalper_bot      | setup          :162  | Bot setup failed: Failed to load configuration: Configuration validation failed: 'ConfluenceConfig' object has no attribute 'main_strategy_long'
Traceback (most recent call last):
  File "B:\fuckyou\src\config\settings.py", line 366, in _validate_config
    if config.trading.confluence.main_strategy_long < 1:
       ^^^^^^^^^^^^^^^^^^^^^^^^^^^^^^^^^^^^^^^^^^^^
AttributeError: 'ConfluenceConfig' object has no attribute 'main_strategy_long'. Did you mean: 'main_strategy_demand'?

During handling of the above exception, another exception occurred:

Traceback (most recent call last):
  File "B:\fuckyou\src\config\settings.py", line 187, in load_config
    self._validate_config(config)
    ~~~~~~~~~~~~~~~~~~~~~^^^^^^^^
  File "B:\fuckyou\src\config\settings.py", line 380, in _validate_config
    raise ConfigurationError(f"Configuration validation failed: {str(e)}")
src.config.settings.ConfigurationError: Configuration validation failed: 'ConfluenceConfig' object has no attribute 'main_strategy_long'

During handling of the above exception, another exception occurred:

Traceback (most recent call last):
  File "B:\fuckyou\src\scalper_bot.py", line 89, in setup
    self.config = load_config(self.config_file)
                  ~~~~~~~~~~~^^^^^^^^^^^^^^^^^^
  File "B:\fuckyou\src\config\settings.py", line 443, in load_config
    return manager.load_config(config_file)
           ~~~~~~~~~~~~~~~~~~~^^^^^^^^^^^^^
  File "B:\fuckyou\src\config\settings.py", line 195, in load_config
    raise ConfigurationError(f"Failed to load configuration: {str(e)}")
src.config.settings.ConfigurationError: Failed to load configuration: Configuration validation failed: 'ConfluenceConfig' object has no attribute 'main_strategy_long'
{"timestamp": "2025-08-05T21:54:13.146694", "level": "ERROR", "logger": "src.core.signals", "message": "Signal summary calculation failed: division by zero", "module": "signals", "function": "get_signal_summary", "line": 535, "taskName": null, "asctime": "21:54:13"}
{"timestamp": "2025-08-05T21:58:53.764955", "level": "ERROR", "logger": "src.core.signals", "message": "Signal summary calculation failed: division by zero", "module": "signals", "function": "get_signal_summary", "line": 535, "taskName": null, "asctime": "21:58:53"}
{"timestamp": "2025-08-05T22:07:34.948721", "level": "ERROR", "logger": "src.core.signals", "message": "Signal summary calculation failed: division by zero", "module": "signals", "function": "get_signal_summary", "line": 535, "taskName": null, "asctime": "22:07:34"}
{"timestamp": "2025-08-05T22:12:18.570194", "level": "ERROR", "logger": "src.core.signals", "message": "Signal summary calculation failed: division by zero", "module": "signals", "function": "get_signal_summary", "line": 535, "taskName": null, "asctime": "22:12:18"}
{"timestamp": "2025-08-05T23:15:57.410284", "level": "ERROR", "logger": "src.core.signals", "message": "Signal deduplication failed: Can only use .dt accessor with datetimelike values", "module": "signals", "function": "_deduplicate_signals", "line": 519, "taskName": null, "asctime": "23:15:57"}
{"timestamp": "2025-08-05T23:15:57.973346", "level": "ERROR", "logger": "src.core.signals", "message": "Signal deduplication failed: Can only use .dt accessor with datetimelike values", "module": "signals", "function": "_deduplicate_signals", "line": 519, "taskName": null, "asctime": "23:15:57"}
{"timestamp": "2025-08-05T23:15:58.529854", "level": "ERROR", "logger": "src.core.signals", "message": "Signal deduplication failed: Can only use .dt accessor with datetimelike values", "module": "signals", "function": "_deduplicate_signals", "line": 519, "taskName": null, "asctime": "23:15:58"}
{"timestamp": "2025-08-05T23:15:58.531508", "level": "ERROR", "logger": "src.trading.execution_engine", "message": "Spot trading only supports long positions, got: buy", "module": "execution_engine", "function": "open_position", "line": 572, "taskName": null, "asctime": "23:15:58"}
{"timestamp": "2025-08-05T23:15:58.531669", "level": "ERROR", "logger": "src.scalper_bot", "message": "Failed to execute position for TRUMP/USDT", "module": "scalper_bot", "function": "_scan_for_signals", "line": 378, "taskName": null, "asctime": "23:15:58"}
{"timestamp": "2025-08-05T23:15:59.092123", "level": "ERROR", "logger": "src.core.signals", "message": "Signal deduplication failed: Can only use .dt accessor with datetimelike values", "module": "signals", "function": "_deduplicate_signals", "line": 519, "taskName": null, "asctime": "23:15:59"}
{"timestamp": "2025-08-05T23:16:00.214948", "level": "ERROR", "logger": "src.core.signals", "message": "Signal deduplication failed: Can only use .dt accessor with datetimelike values", "module": "signals", "function": "_deduplicate_signals", "line": 519, "taskName": null, "asctime": "23:16:00"}
{"timestamp": "2025-08-05T23:16:00.842802", "level": "ERROR", "logger": "src.core.signals", "message": "Signal deduplication failed: Can only use .dt accessor with datetimelike values", "module": "signals", "function": "_deduplicate_signals", "line": 519, "taskName": null, "asctime": "23:16:00"}
{"timestamp": "2025-08-05T23:16:04.673315", "level": "ERROR", "logger": "src.core.signals", "message": "Signal deduplication failed: Can only use .dt accessor with datetimelike values", "module": "signals", "function": "_deduplicate_signals", "line": 519, "taskName": null, "asctime": "23:16:04"}
{"timestamp": "2025-08-05T23:16:04.741660", "level": "ERROR", "logger": "src.core.signals", "message": "Signal deduplication failed: Can only use .dt accessor with datetimelike values", "module": "signals", "function": "_deduplicate_signals", "line": 519, "taskName": null, "asctime": "23:16:04"}
{"timestamp": "2025-08-05T23:16:04.809834", "level": "ERROR", "logger": "src.core.signals", "message": "Signal deduplication failed: Can only use .dt accessor with datetimelike values", "module": "signals", "function": "_deduplicate_signals", "line": 519, "taskName": null, "asctime": "23:16:04"}
{"timestamp": "2025-08-05T23:16:04.877705", "level": "ERROR", "logger": "src.core.signals", "message": "Signal deduplication failed: Can only use .dt accessor with datetimelike values", "module": "signals", "function": "_deduplicate_signals", "line": 519, "taskName": null, "asctime": "23:16:04"}
{"timestamp": "2025-08-05T23:16:05.013897", "level": "ERROR", "logger": "src.core.signals", "message": "Signal deduplication failed: Can only use .dt accessor with datetimelike values", "module": "signals", "function": "_deduplicate_signals", "line": 519, "taskName": null, "asctime": "23:16:05"}
{"timestamp": "2025-08-05T23:16:05.084273", "level": "ERROR", "logger": "src.core.signals", "message": "Signal deduplication failed: Can only use .dt accessor with datetimelike values", "module": "signals", "function": "_deduplicate_signals", "line": 519, "taskName": null, "asctime": "23:16:05"}
{"timestamp": "2025-08-05T23:16:12.673363", "level": "ERROR", "logger": "src.core.signals", "message": "Signal deduplication failed: Can only use .dt accessor with datetimelike values", "module": "signals", "function": "_deduplicate_signals", "line": 519, "taskName": null, "asctime": "23:16:12"}
{"timestamp": "2025-08-05T23:16:12.741398", "level": "ERROR", "logger": "src.core.signals", "message": "Signal deduplication failed: Can only use .dt accessor with datetimelike values", "module": "signals", "function": "_deduplicate_signals", "line": 519, "taskName": null, "asctime": "23:16:12"}
{"timestamp": "2025-08-05T23:16:12.810249", "level": "ERROR", "logger": "src.core.signals", "message": "Signal deduplication failed: Can only use .dt accessor with datetimelike values", "module": "signals", "function": "_deduplicate_signals", "line": 519, "taskName": null, "asctime": "23:16:12"}
{"timestamp": "2025-08-05T23:16:12.880325", "level": "ERROR", "logger": "src.core.signals", "message": "Signal deduplication failed: Can only use .dt accessor with datetimelike values", "module": "signals", "function": "_deduplicate_signals", "line": 519, "taskName": null, "asctime": "23:16:12"}
{"timestamp": "2025-08-05T23:16:13.019943", "level": "ERROR", "logger": "src.core.signals", "message": "Signal deduplication failed: Can only use .dt accessor with datetimelike values", "module": "signals", "function": "_deduplicate_signals", "line": 519, "taskName": null, "asctime": "23:16:13"}
{"timestamp": "2025-08-05T23:16:13.089497", "level": "ERROR", "logger": "src.core.signals", "message": "Signal deduplication failed: Can only use .dt accessor with datetimelike values", "module": "signals", "function": "_deduplicate_signals", "line": 519, "taskName": null, "asctime": "23:16:13"}
{"timestamp": "2025-08-05T23:16:20.674638", "level": "ERROR", "logger": "src.core.signals", "message": "Signal deduplication failed: Can only use .dt accessor with datetimelike values", "module": "signals", "function": "_deduplicate_signals", "line": 519, "taskName": null, "asctime": "23:16:20"}
{"timestamp": "2025-08-05T23:16:20.743380", "level": "ERROR", "logger": "src.core.signals", "message": "Signal deduplication failed: Can only use .dt accessor with datetimelike values", "module": "signals", "function": "_deduplicate_signals", "line": 519, "taskName": null, "asctime": "23:16:20"}
{"timestamp": "2025-08-05T23:16:20.812515", "level": "ERROR", "logger": "src.core.signals", "message": "Signal deduplication failed: Can only use .dt accessor with datetimelike values", "module": "signals", "function": "_deduplicate_signals", "line": 519, "taskName": null, "asctime": "23:16:20"}
{"timestamp": "2025-08-05T23:16:20.882249", "level": "ERROR", "logger": "src.core.signals", "message": "Signal deduplication failed: Can only use .dt accessor with datetimelike values", "module": "signals", "function": "_deduplicate_signals", "line": 519, "taskName": null, "asctime": "23:16:20"}
{"timestamp": "2025-08-05T23:16:21.020365", "level": "ERROR", "logger": "src.core.signals", "message": "Signal deduplication failed: Can only use .dt accessor with datetimelike values", "module": "signals", "function": "_deduplicate_signals", "line": 519, "taskName": null, "asctime": "23:16:21"}
{"timestamp": "2025-08-05T23:16:21.092002", "level": "ERROR", "logger": "src.core.signals", "message": "Signal deduplication failed: Can only use .dt accessor with datetimelike values", "module": "signals", "function": "_deduplicate_signals", "line": 519, "taskName": null, "asctime": "23:16:21"}
{"timestamp": "2025-08-05T23:16:29.169344", "level": "ERROR", "logger": "src.core.signals", "message": "Signal deduplication failed: Can only use .dt accessor with datetimelike values", "module": "signals", "function": "_deduplicate_signals", "line": 519, "taskName": null, "asctime": "23:16:29"}
{"timestamp": "2025-08-05T23:16:29.741487", "level": "ERROR", "logger": "src.core.signals", "message": "Signal deduplication failed: Can only use .dt accessor with datetimelike values", "module": "signals", "function": "_deduplicate_signals", "line": 519, "taskName": null, "asctime": "23:16:29"}
{"timestamp": "2025-08-05T23:16:30.301009", "level": "ERROR", "logger": "src.core.signals", "message": "Signal deduplication failed: Can only use .dt accessor with datetimelike values", "module": "signals", "function": "_deduplicate_signals", "line": 519, "taskName": null, "asctime": "23:16:30"}
{"timestamp": "2025-08-05T23:16:30.859317", "level": "ERROR", "logger": "src.core.signals", "message": "Signal deduplication failed: Can only use .dt accessor with datetimelike values", "module": "signals", "function": "_deduplicate_signals", "line": 519, "taskName": null, "asctime": "23:16:30"}
{"timestamp": "2025-08-05T23:16:31.983751", "level": "ERROR", "logger": "src.core.signals", "message": "Signal deduplication failed: Can only use .dt accessor with datetimelike values", "module": "signals", "function": "_deduplicate_signals", "line": 519, "taskName": null, "asctime": "23:16:31"}
{"timestamp": "2025-08-05T23:16:32.614544", "level": "ERROR", "logger": "src.core.signals", "message": "Signal deduplication failed: Can only use .dt accessor with datetimelike values", "module": "signals", "function": "_deduplicate_signals", "line": 519, "taskName": null, "asctime": "23:16:32"}
{"timestamp": "2025-08-05T23:16:36.676630", "level": "ERROR", "logger": "src.core.signals", "message": "Signal deduplication failed: Can only use .dt accessor with datetimelike values", "module": "signals", "function": "_deduplicate_signals", "line": 519, "taskName": null, "asctime": "23:16:36"}
{"timestamp": "2025-08-05T23:16:36.745569", "level": "ERROR", "logger": "src.core.signals", "message": "Signal deduplication failed: Can only use .dt accessor with datetimelike values", "module": "signals", "function": "_deduplicate_signals", "line": 519, "taskName": null, "asctime": "23:16:36"}
{"timestamp": "2025-08-05T23:16:36.815399", "level": "ERROR", "logger": "src.core.signals", "message": "Signal deduplication failed: Can only use .dt accessor with datetimelike values", "module": "signals", "function": "_deduplicate_signals", "line": 519, "taskName": null, "asctime": "23:16:36"}
{"timestamp": "2025-08-05T23:16:36.885524", "level": "ERROR", "logger": "src.core.signals", "message": "Signal deduplication failed: Can only use .dt accessor with datetimelike values", "module": "signals", "function": "_deduplicate_signals", "line": 519, "taskName": null, "asctime": "23:16:36"}
{"timestamp": "2025-08-05T23:16:37.025609", "level": "ERROR", "logger": "src.core.signals", "message": "Signal deduplication failed: Can only use .dt accessor with datetimelike values", "module": "signals", "function": "_deduplicate_signals", "line": 519, "taskName": null, "asctime": "23:16:37"}
{"timestamp": "2025-08-05T23:16:37.095752", "level": "ERROR", "logger": "src.core.signals", "message": "Signal deduplication failed: Can only use .dt accessor with datetimelike values", "module": "signals", "function": "_deduplicate_signals", "line": 519, "taskName": null, "asctime": "23:16:37"}
{"timestamp": "2025-08-05T23:16:44.676017", "level": "ERROR", "logger": "src.core.signals", "message": "Signal deduplication failed: Can only use .dt accessor with datetimelike values", "module": "signals", "function": "_deduplicate_signals", "line": 519, "taskName": null, "asctime": "23:16:44"}
{"timestamp": "2025-08-05T23:16:44.745490", "level": "ERROR", "logger": "src.core.signals", "message": "Signal deduplication failed: Can only use .dt accessor with datetimelike values", "module": "signals", "function": "_deduplicate_signals", "line": 519, "taskName": null, "asctime": "23:16:44"}
{"timestamp": "2025-08-05T23:16:44.814629", "level": "ERROR", "logger": "src.core.signals", "message": "Signal deduplication failed: Can only use .dt accessor with datetimelike values", "module": "signals", "function": "_deduplicate_signals", "line": 519, "taskName": null, "asctime": "23:16:44"}
{"timestamp": "2025-08-05T23:16:44.884111", "level": "ERROR", "logger": "src.core.signals", "message": "Signal deduplication failed: Can only use .dt accessor with datetimelike values", "module": "signals", "function": "_deduplicate_signals", "line": 519, "taskName": null, "asctime": "23:16:44"}
{"timestamp": "2025-08-05T23:16:45.022373", "level": "ERROR", "logger": "src.core.signals", "message": "Signal deduplication failed: Can only use .dt accessor with datetimelike values", "module": "signals", "function": "_deduplicate_signals", "line": 519, "taskName": null, "asctime": "23:16:45"}
{"timestamp": "2025-08-05T23:16:45.093458", "level": "ERROR", "logger": "src.core.signals", "message": "Signal deduplication failed: Can only use .dt accessor with datetimelike values", "module": "signals", "function": "_deduplicate_signals", "line": 519, "taskName": null, "asctime": "23:16:45"}
{"timestamp": "2025-08-05T23:16:52.676404", "level": "ERROR", "logger": "src.core.signals", "message": "Signal deduplication failed: Can only use .dt accessor with datetimelike values", "module": "signals", "function": "_deduplicate_signals", "line": 519, "taskName": null, "asctime": "23:16:52"}
{"timestamp": "2025-08-05T23:16:52.745285", "level": "ERROR", "logger": "src.core.signals", "message": "Signal deduplication failed: Can only use .dt accessor with datetimelike values", "module": "signals", "function": "_deduplicate_signals", "line": 519, "taskName": null, "asctime": "23:16:52"}
{"timestamp": "2025-08-05T23:16:52.814121", "level": "ERROR", "logger": "src.core.signals", "message": "Signal deduplication failed: Can only use .dt accessor with datetimelike values", "module": "signals", "function": "_deduplicate_signals", "line": 519, "taskName": null, "asctime": "23:16:52"}
{"timestamp": "2025-08-05T23:16:52.883670", "level": "ERROR", "logger": "src.core.signals", "message": "Signal deduplication failed: Can only use .dt accessor with datetimelike values", "module": "signals", "function": "_deduplicate_signals", "line": 519, "taskName": null, "asctime": "23:16:52"}
{"timestamp": "2025-08-05T23:16:53.022692", "level": "ERROR", "logger": "src.core.signals", "message": "Signal deduplication failed: Can only use .dt accessor with datetimelike values", "module": "signals", "function": "_deduplicate_signals", "line": 519, "taskName": null, "asctime": "23:16:53"}
{"timestamp": "2025-08-05T23:16:53.094218", "level": "ERROR", "logger": "src.core.signals", "message": "Signal deduplication failed: Can only use .dt accessor with datetimelike values", "module": "signals", "function": "_deduplicate_signals", "line": 519, "taskName": null, "asctime": "23:16:53"}
{"timestamp": "2025-08-05T23:17:01.889472", "level": "ERROR", "logger": "src.core.signals", "message": "Signal deduplication failed: Can only use .dt accessor with datetimelike values", "module": "signals", "function": "_deduplicate_signals", "line": 519, "taskName": null, "asctime": "23:17:01"}
{"timestamp": "2025-08-05T23:17:02.924185", "level": "ERROR", "logger": "src.core.signals", "message": "Signal deduplication failed: Can only use .dt accessor with datetimelike values", "module": "signals", "function": "_deduplicate_signals", "line": 519, "taskName": null, "asctime": "23:17:02"}
{"timestamp": "2025-08-05T23:17:04.524966", "level": "ERROR", "logger": "src.core.signals", "message": "Signal deduplication failed: Can only use .dt accessor with datetimelike values", "module": "signals", "function": "_deduplicate_signals", "line": 519, "taskName": null, "asctime": "23:17:04"}
{"timestamp": "2025-08-05T23:17:06.582721", "level": "ERROR", "logger": "src.core.signals", "message": "Signal deduplication failed: Can only use .dt accessor with datetimelike values", "module": "signals", "function": "_deduplicate_signals", "line": 519, "taskName": null, "asctime": "23:17:06"}
{"timestamp": "2025-08-05T23:17:07.211210", "level": "ERROR", "logger": "src.core.signals", "message": "Signal deduplication failed: Can only use .dt accessor with datetimelike values", "module": "signals", "function": "_deduplicate_signals", "line": 519, "taskName": null, "asctime": "23:17:07"}
{"timestamp": "2025-08-05T23:17:08.675817", "level": "ERROR", "logger": "src.core.signals", "message": "Signal deduplication failed: Can only use .dt accessor with datetimelike values", "module": "signals", "function": "_deduplicate_signals", "line": 519, "taskName": null, "asctime": "23:17:08"}
{"timestamp": "2025-08-05T23:17:08.743683", "level": "ERROR", "logger": "src.core.signals", "message": "Signal deduplication failed: Can only use .dt accessor with datetimelike values", "module": "signals", "function": "_deduplicate_signals", "line": 519, "taskName": null, "asctime": "23:17:08"}
{"timestamp": "2025-08-05T23:17:08.883158", "level": "ERROR", "logger": "src.core.signals", "message": "Signal deduplication failed: Can only use .dt accessor with datetimelike values", "module": "signals", "function": "_deduplicate_signals", "line": 519, "taskName": null, "asctime": "23:17:08"}
{"timestamp": "2025-08-05T23:17:09.023669", "level": "ERROR", "logger": "src.core.signals", "message": "Signal deduplication failed: Can only use .dt accessor with datetimelike values", "module": "signals", "function": "_deduplicate_signals", "line": 519, "taskName": null, "asctime": "23:17:09"}
{"timestamp": "2025-08-05T23:17:09.094982", "level": "ERROR", "logger": "src.core.signals", "message": "Signal deduplication failed: Can only use .dt accessor with datetimelike values", "module": "signals", "function": "_deduplicate_signals", "line": 519, "taskName": null, "asctime": "23:17:09"}
{"timestamp": "2025-08-05T23:17:16.676891", "level": "ERROR", "logger": "src.core.signals", "message": "Signal deduplication failed: Can only use .dt accessor with datetimelike values", "module": "signals", "function": "_deduplicate_signals", "line": 519, "taskName": null, "asctime": "23:17:16"}
{"timestamp": "2025-08-05T23:17:16.746915", "level": "ERROR", "logger": "src.core.signals", "message": "Signal deduplication failed: Can only use .dt accessor with datetimelike values", "module": "signals", "function": "_deduplicate_signals", "line": 519, "taskName": null, "asctime": "23:17:16"}
{"timestamp": "2025-08-05T23:17:16.886342", "level": "ERROR", "logger": "src.core.signals", "message": "Signal deduplication failed: Can only use .dt accessor with datetimelike values", "module": "signals", "function": "_deduplicate_signals", "line": 519, "taskName": null, "asctime": "23:17:16"}
{"timestamp": "2025-08-05T23:17:17.025010", "level": "ERROR", "logger": "src.core.signals", "message": "Signal deduplication failed: Can only use .dt accessor with datetimelike values", "module": "signals", "function": "_deduplicate_signals", "line": 519, "taskName": null, "asctime": "23:17:17"}
{"timestamp": "2025-08-05T23:17:17.095992", "level": "ERROR", "logger": "src.core.signals", "message": "Signal deduplication failed: Can only use .dt accessor with datetimelike values", "module": "signals", "function": "_deduplicate_signals", "line": 519, "taskName": null, "asctime": "23:17:17"}
{"timestamp": "2025-08-05T23:17:24.678967", "level": "ERROR", "logger": "src.core.signals", "message": "Signal deduplication failed: Can only use .dt accessor with datetimelike values", "module": "signals", "function": "_deduplicate_signals", "line": 519, "taskName": null, "asctime": "23:17:24"}
{"timestamp": "2025-08-05T23:17:24.750404", "level": "ERROR", "logger": "src.core.signals", "message": "Signal deduplication failed: Can only use .dt accessor with datetimelike values", "module": "signals", "function": "_deduplicate_signals", "line": 519, "taskName": null, "asctime": "23:17:24"}
{"timestamp": "2025-08-05T23:17:24.892001", "level": "ERROR", "logger": "src.core.signals", "message": "Signal deduplication failed: Can only use .dt accessor with datetimelike values", "module": "signals", "function": "_deduplicate_signals", "line": 519, "taskName": null, "asctime": "23:17:24"}
{"timestamp": "2025-08-05T23:17:25.035291", "level": "ERROR", "logger": "src.core.signals", "message": "Signal deduplication failed: Can only use .dt accessor with datetimelike values", "module": "signals", "function": "_deduplicate_signals", "line": 519, "taskName": null, "asctime": "23:17:25"}
{"timestamp": "2025-08-05T23:17:25.108456", "level": "ERROR", "logger": "src.core.signals", "message": "Signal deduplication failed: Can only use .dt accessor with datetimelike values", "module": "signals", "function": "_deduplicate_signals", "line": 519, "taskName": null, "asctime": "23:17:25"}
{"timestamp": "2025-08-05T23:17:33.171378", "level": "ERROR", "logger": "src.core.signals", "message": "Signal deduplication failed: Can only use .dt accessor with datetimelike values", "module": "signals", "function": "_deduplicate_signals", "line": 519, "taskName": null, "asctime": "23:17:33"}
{"timestamp": "2025-08-05T23:17:33.735523", "level": "ERROR", "logger": "src.core.signals", "message": "Signal deduplication failed: Can only use .dt accessor with datetimelike values", "module": "signals", "function": "_deduplicate_signals", "line": 519, "taskName": null, "asctime": "23:17:33"}
{"timestamp": "2025-08-05T23:17:33.737128", "level": "ERROR", "logger": "src.trading.execution_engine", "message": "Spot trading only supports long positions, got: buy", "module": "execution_engine", "function": "open_position", "line": 572, "taskName": null, "asctime": "23:17:33"}
{"timestamp": "2025-08-05T23:17:33.737246", "level": "ERROR", "logger": "src.scalper_bot", "message": "Failed to execute position for PEPE/USDT", "module": "scalper_bot", "function": "_scan_for_signals", "line": 378, "taskName": null, "asctime": "23:17:33"}
{"timestamp": "2025-08-05T23:17:34.296401", "level": "ERROR", "logger": "src.core.signals", "message": "Signal deduplication failed: Can only use .dt accessor with datetimelike values", "module": "signals", "function": "_deduplicate_signals", "line": 519, "taskName": null, "asctime": "23:17:34"}
{"timestamp": "2025-08-05T23:17:34.860592", "level": "ERROR", "logger": "src.core.signals", "message": "Signal deduplication failed: Can only use .dt accessor with datetimelike values", "module": "signals", "function": "_deduplicate_signals", "line": 519, "taskName": null, "asctime": "23:17:34"}
{"timestamp": "2025-08-05T23:17:35.001482", "level": "ERROR", "logger": "src.core.signals", "message": "Signal deduplication failed: Can only use .dt accessor with datetimelike values", "module": "signals", "function": "_deduplicate_signals", "line": 519, "taskName": null, "asctime": "23:17:35"}
{"timestamp": "2025-08-05T23:17:35.072334", "level": "ERROR", "logger": "src.core.signals", "message": "Signal deduplication failed: Can only use .dt accessor with datetimelike values", "module": "signals", "function": "_deduplicate_signals", "line": 519, "taskName": null, "asctime": "23:17:35"}
{"timestamp": "2025-08-05T23:17:40.678145", "level": "ERROR", "logger": "src.core.signals", "message": "Signal deduplication failed: Can only use .dt accessor with datetimelike values", "module": "signals", "function": "_deduplicate_signals", "line": 519, "taskName": null, "asctime": "23:17:40"}
{"timestamp": "2025-08-05T23:17:40.750487", "level": "ERROR", "logger": "src.core.signals", "message": "Signal deduplication failed: Can only use .dt accessor with datetimelike values", "module": "signals", "function": "_deduplicate_signals", "line": 519, "taskName": null, "asctime": "23:17:40"}
{"timestamp": "2025-08-05T23:17:40.819568", "level": "ERROR", "logger": "src.core.signals", "message": "Signal deduplication failed: Can only use .dt accessor with datetimelike values", "module": "signals", "function": "_deduplicate_signals", "line": 519, "taskName": null, "asctime": "23:17:40"}
{"timestamp": "2025-08-05T23:17:40.890387", "level": "ERROR", "logger": "src.core.signals", "message": "Signal deduplication failed: Can only use .dt accessor with datetimelike values", "module": "signals", "function": "_deduplicate_signals", "line": 519, "taskName": null, "asctime": "23:17:40"}
{"timestamp": "2025-08-05T23:17:42.016620", "level": "ERROR", "logger": "src.core.signals", "message": "Signal deduplication failed: Can only use .dt accessor with datetimelike values", "module": "signals", "function": "_deduplicate_signals", "line": 519, "taskName": null, "asctime": "23:17:42"}
{"timestamp": "2025-08-05T23:17:42.647180", "level": "ERROR", "logger": "src.core.signals", "message": "Signal deduplication failed: Can only use .dt accessor with datetimelike values", "module": "signals", "function": "_deduplicate_signals", "line": 519, "taskName": null, "asctime": "23:17:42"}
{"timestamp": "2025-08-05T23:17:48.677929", "level": "ERROR", "logger": "src.core.signals", "message": "Signal deduplication failed: Can only use .dt accessor with datetimelike values", "module": "signals", "function": "_deduplicate_signals", "line": 519, "taskName": null, "asctime": "23:17:48"}
{"timestamp": "2025-08-05T23:17:48.747542", "level": "ERROR", "logger": "src.core.signals", "message": "Signal deduplication failed: Can only use .dt accessor with datetimelike values", "module": "signals", "function": "_deduplicate_signals", "line": 519, "taskName": null, "asctime": "23:17:48"}
{"timestamp": "2025-08-05T23:17:48.816823", "level": "ERROR", "logger": "src.core.signals", "message": "Signal deduplication failed: Can only use .dt accessor with datetimelike values", "module": "signals", "function": "_deduplicate_signals", "line": 519, "taskName": null, "asctime": "23:17:48"}
{"timestamp": "2025-08-05T23:17:48.888300", "level": "ERROR", "logger": "src.core.signals", "message": "Signal deduplication failed: Can only use .dt accessor with datetimelike values", "module": "signals", "function": "_deduplicate_signals", "line": 519, "taskName": null, "asctime": "23:17:48"}
{"timestamp": "2025-08-05T23:17:49.026830", "level": "ERROR", "logger": "src.core.signals", "message": "Signal deduplication failed: Can only use .dt accessor with datetimelike values", "module": "signals", "function": "_deduplicate_signals", "line": 519, "taskName": null, "asctime": "23:17:49"}
{"timestamp": "2025-08-05T23:17:49.097700", "level": "ERROR", "logger": "src.core.signals", "message": "Signal deduplication failed: Can only use .dt accessor with datetimelike values", "module": "signals", "function": "_deduplicate_signals", "line": 519, "taskName": null, "asctime": "23:17:49"}
{"timestamp": "2025-08-05T23:17:56.678705", "level": "ERROR", "logger": "src.core.signals", "message": "Signal deduplication failed: Can only use .dt accessor with datetimelike values", "module": "signals", "function": "_deduplicate_signals", "line": 519, "taskName": null, "asctime": "23:17:56"}
{"timestamp": "2025-08-05T23:17:56.748946", "level": "ERROR", "logger": "src.core.signals", "message": "Signal deduplication failed: Can only use .dt accessor with datetimelike values", "module": "signals", "function": "_deduplicate_signals", "line": 519, "taskName": null, "asctime": "23:17:56"}
{"timestamp": "2025-08-05T23:17:56.818592", "level": "ERROR", "logger": "src.core.signals", "message": "Signal deduplication failed: Can only use .dt accessor with datetimelike values", "module": "signals", "function": "_deduplicate_signals", "line": 519, "taskName": null, "asctime": "23:17:56"}
{"timestamp": "2025-08-05T23:17:56.887954", "level": "ERROR", "logger": "src.core.signals", "message": "Signal deduplication failed: Can only use .dt accessor with datetimelike values", "module": "signals", "function": "_deduplicate_signals", "line": 519, "taskName": null, "asctime": "23:17:56"}
{"timestamp": "2025-08-05T23:17:57.026920", "level": "ERROR", "logger": "src.core.signals", "message": "Signal deduplication failed: Can only use .dt accessor with datetimelike values", "module": "signals", "function": "_deduplicate_signals", "line": 519, "taskName": null, "asctime": "23:17:57"}
{"timestamp": "2025-08-05T23:17:57.097900", "level": "ERROR", "logger": "src.core.signals", "message": "Signal deduplication failed: Can only use .dt accessor with datetimelike values", "module": "signals", "function": "_deduplicate_signals", "line": 519, "taskName": null, "asctime": "23:17:57"}
{"timestamp": "2025-08-05T23:18:05.414856", "level": "ERROR", "logger": "src.core.signals", "message": "Signal deduplication failed: Can only use .dt accessor with datetimelike values", "module": "signals", "function": "_deduplicate_signals", "line": 519, "taskName": null, "asctime": "23:18:05"}
{"timestamp": "2025-08-05T23:18:05.978456", "level": "ERROR", "logger": "src.core.signals", "message": "Signal deduplication failed: Can only use .dt accessor with datetimelike values", "module": "signals", "function": "_deduplicate_signals", "line": 519, "taskName": null, "asctime": "23:18:05"}
{"timestamp": "2025-08-05T23:18:07.233130", "level": "ERROR", "logger": "src.core.signals", "message": "Signal deduplication failed: Can only use .dt accessor with datetimelike values", "module": "signals", "function": "_deduplicate_signals", "line": 519, "taskName": null, "asctime": "23:18:07"}
{"timestamp": "2025-08-05T23:18:07.305216", "level": "ERROR", "logger": "src.core.signals", "message": "Signal deduplication failed: Can only use .dt accessor with datetimelike values", "module": "signals", "function": "_deduplicate_signals", "line": 519, "taskName": null, "asctime": "23:18:07"}
{"timestamp": "2025-08-05T23:18:12.678612", "level": "ERROR", "logger": "src.core.signals", "message": "Signal deduplication failed: Can only use .dt accessor with datetimelike values", "module": "signals", "function": "_deduplicate_signals", "line": 519, "taskName": null, "asctime": "23:18:12"}
{"timestamp": "2025-08-05T23:18:12.747702", "level": "ERROR", "logger": "src.core.signals", "message": "Signal deduplication failed: Can only use .dt accessor with datetimelike values", "module": "signals", "function": "_deduplicate_signals", "line": 519, "taskName": null, "asctime": "23:18:12"}
{"timestamp": "2025-08-05T23:18:14.010654", "level": "ERROR", "logger": "src.core.signals", "message": "Signal deduplication failed: Can only use .dt accessor with datetimelike values", "module": "signals", "function": "_deduplicate_signals", "line": 519, "taskName": null, "asctime": "23:18:14"}
{"timestamp": "2025-08-05T23:18:14.646622", "level": "ERROR", "logger": "src.core.signals", "message": "Signal deduplication failed: Can only use .dt accessor with datetimelike values", "module": "signals", "function": "_deduplicate_signals", "line": 519, "taskName": null, "asctime": "23:18:14"}
{"timestamp": "2025-08-05T23:18:20.680914", "level": "ERROR", "logger": "src.core.signals", "message": "Signal deduplication failed: Can only use .dt accessor with datetimelike values", "module": "signals", "function": "_deduplicate_signals", "line": 519, "taskName": null, "asctime": "23:18:20"}
{"timestamp": "2025-08-05T23:18:20.750538", "level": "ERROR", "logger": "src.core.signals", "message": "Signal deduplication failed: Can only use .dt accessor with datetimelike values", "module": "signals", "function": "_deduplicate_signals", "line": 519, "taskName": null, "asctime": "23:18:20"}
{"timestamp": "2025-08-05T23:18:21.029141", "level": "ERROR", "logger": "src.core.signals", "message": "Signal deduplication failed: Can only use .dt accessor with datetimelike values", "module": "signals", "function": "_deduplicate_signals", "line": 519, "taskName": null, "asctime": "23:18:21"}
{"timestamp": "2025-08-05T23:18:21.099628", "level": "ERROR", "logger": "src.core.signals", "message": "Signal deduplication failed: Can only use .dt accessor with datetimelike values", "module": "signals", "function": "_deduplicate_signals", "line": 519, "taskName": null, "asctime": "23:18:21"}
{"timestamp": "2025-08-05T23:18:28.678712", "level": "ERROR", "logger": "src.core.signals", "message": "Signal deduplication failed: Can only use .dt accessor with datetimelike values", "module": "signals", "function": "_deduplicate_signals", "line": 519, "taskName": null, "asctime": "23:18:28"}
{"timestamp": "2025-08-05T23:18:28.746876", "level": "ERROR", "logger": "src.core.signals", "message": "Signal deduplication failed: Can only use .dt accessor with datetimelike values", "module": "signals", "function": "_deduplicate_signals", "line": 519, "taskName": null, "asctime": "23:18:28"}
{"timestamp": "2025-08-05T23:18:29.023973", "level": "ERROR", "logger": "src.core.signals", "message": "Signal deduplication failed: Can only use .dt accessor with datetimelike values", "module": "signals", "function": "_deduplicate_signals", "line": 519, "taskName": null, "asctime": "23:18:29"}
{"timestamp": "2025-08-05T23:18:29.095159", "level": "ERROR", "logger": "src.core.signals", "message": "Signal deduplication failed: Can only use .dt accessor with datetimelike values", "module": "signals", "function": "_deduplicate_signals", "line": 519, "taskName": null, "asctime": "23:18:29"}
{"timestamp": "2025-08-05T23:18:37.168542", "level": "ERROR", "logger": "src.core.signals", "message": "Signal deduplication failed: Can only use .dt accessor with datetimelike values", "module": "signals", "function": "_deduplicate_signals", "line": 519, "taskName": null, "asctime": "23:18:37"}
{"timestamp": "2025-08-05T23:18:37.729386", "level": "ERROR", "logger": "src.core.signals", "message": "Signal deduplication failed: Can only use .dt accessor with datetimelike values", "module": "signals", "function": "_deduplicate_signals", "line": 519, "taskName": null, "asctime": "23:18:37"}
{"timestamp": "2025-08-05T23:18:38.294042", "level": "ERROR", "logger": "src.core.signals", "message": "Signal deduplication failed: Can only use .dt accessor with datetimelike values", "module": "signals", "function": "_deduplicate_signals", "line": 519, "taskName": null, "asctime": "23:18:38"}
{"timestamp": "2025-08-05T23:18:38.991045", "level": "ERROR", "logger": "src.core.signals", "message": "Signal deduplication failed: Can only use .dt accessor with datetimelike values", "module": "signals", "function": "_deduplicate_signals", "line": 519, "taskName": null, "asctime": "23:18:38"}
{"timestamp": "2025-08-05T23:18:39.061553", "level": "ERROR", "logger": "src.core.signals", "message": "Signal deduplication failed: Can only use .dt accessor with datetimelike values", "module": "signals", "function": "_deduplicate_signals", "line": 519, "taskName": null, "asctime": "23:18:39"}
{"timestamp": "2025-08-05T23:18:44.679141", "level": "ERROR", "logger": "src.core.signals", "message": "Signal deduplication failed: Can only use .dt accessor with datetimelike values", "module": "signals", "function": "_deduplicate_signals", "line": 519, "taskName": null, "asctime": "23:18:44"}
{"timestamp": "2025-08-05T23:18:44.749287", "level": "ERROR", "logger": "src.core.signals", "message": "Signal deduplication failed: Can only use .dt accessor with datetimelike values", "module": "signals", "function": "_deduplicate_signals", "line": 519, "taskName": null, "asctime": "23:18:44"}
{"timestamp": "2025-08-05T23:18:44.819061", "level": "ERROR", "logger": "src.core.signals", "message": "Signal deduplication failed: Can only use .dt accessor with datetimelike values", "module": "signals", "function": "_deduplicate_signals", "line": 519, "taskName": null, "asctime": "23:18:44"}
{"timestamp": "2025-08-05T23:18:46.007572", "level": "ERROR", "logger": "src.core.signals", "message": "Signal deduplication failed: Can only use .dt accessor with datetimelike values", "module": "signals", "function": "_deduplicate_signals", "line": 519, "taskName": null, "asctime": "23:18:46"}
{"timestamp": "2025-08-05T23:18:46.638282", "level": "ERROR", "logger": "src.core.signals", "message": "Signal deduplication failed: Can only use .dt accessor with datetimelike values", "module": "signals", "function": "_deduplicate_signals", "line": 519, "taskName": null, "asctime": "23:18:46"}
{"timestamp": "2025-08-05T23:18:52.680863", "level": "ERROR", "logger": "src.core.signals", "message": "Signal deduplication failed: Can only use .dt accessor with datetimelike values", "module": "signals", "function": "_deduplicate_signals", "line": 519, "taskName": null, "asctime": "23:18:52"}
{"timestamp": "2025-08-05T23:18:52.750790", "level": "ERROR", "logger": "src.core.signals", "message": "Signal deduplication failed: Can only use .dt accessor with datetimelike values", "module": "signals", "function": "_deduplicate_signals", "line": 519, "taskName": null, "asctime": "23:18:52"}
{"timestamp": "2025-08-05T23:18:52.820008", "level": "ERROR", "logger": "src.core.signals", "message": "Signal deduplication failed: Can only use .dt accessor with datetimelike values", "module": "signals", "function": "_deduplicate_signals", "line": 519, "taskName": null, "asctime": "23:18:52"}
{"timestamp": "2025-08-05T23:18:53.028469", "level": "ERROR", "logger": "src.core.signals", "message": "Signal deduplication failed: Can only use .dt accessor with datetimelike values", "module": "signals", "function": "_deduplicate_signals", "line": 519, "taskName": null, "asctime": "23:18:53"}
{"timestamp": "2025-08-05T23:18:53.099848", "level": "ERROR", "logger": "src.core.signals", "message": "Signal deduplication failed: Can only use .dt accessor with datetimelike values", "module": "signals", "function": "_deduplicate_signals", "line": 519, "taskName": null, "asctime": "23:18:53"}
{"timestamp": "2025-08-05T23:19:00.680662", "level": "ERROR", "logger": "src.core.signals", "message": "Signal deduplication failed: Can only use .dt accessor with datetimelike values", "module": "signals", "function": "_deduplicate_signals", "line": 519, "taskName": null, "asctime": "23:19:00"}
{"timestamp": "2025-08-05T23:19:00.750013", "level": "ERROR", "logger": "src.core.signals", "message": "Signal deduplication failed: Can only use .dt accessor with datetimelike values", "module": "signals", "function": "_deduplicate_signals", "line": 519, "taskName": null, "asctime": "23:19:00"}
{"timestamp": "2025-08-05T23:19:00.819073", "level": "ERROR", "logger": "src.core.signals", "message": "Signal deduplication failed: Can only use .dt accessor with datetimelike values", "module": "signals", "function": "_deduplicate_signals", "line": 519, "taskName": null, "asctime": "23:19:00"}
{"timestamp": "2025-08-05T23:19:01.028798", "level": "ERROR", "logger": "src.core.signals", "message": "Signal deduplication failed: Can only use .dt accessor with datetimelike values", "module": "signals", "function": "_deduplicate_signals", "line": 519, "taskName": null, "asctime": "23:19:01"}
{"timestamp": "2025-08-05T23:19:01.099728", "level": "ERROR", "logger": "src.core.signals", "message": "Signal deduplication failed: Can only use .dt accessor with datetimelike values", "module": "signals", "function": "_deduplicate_signals", "line": 519, "taskName": null, "asctime": "23:19:01"}
{"timestamp": "2025-08-05T23:19:09.418717", "level": "ERROR", "logger": "src.core.signals", "message": "Signal deduplication failed: Can only use .dt accessor with datetimelike values", "module": "signals", "function": "_deduplicate_signals", "line": 519, "taskName": null, "asctime": "23:19:09"}
{"timestamp": "2025-08-05T23:19:09.980246", "level": "ERROR", "logger": "src.core.signals", "message": "Signal deduplication failed: Can only use .dt accessor with datetimelike values", "module": "signals", "function": "_deduplicate_signals", "line": 519, "taskName": null, "asctime": "23:19:09"}
{"timestamp": "2025-08-05T23:19:10.541222", "level": "ERROR", "logger": "src.core.signals", "message": "Signal deduplication failed: Can only use .dt accessor with datetimelike values", "module": "signals", "function": "_deduplicate_signals", "line": 519, "taskName": null, "asctime": "23:19:10"}
{"timestamp": "2025-08-05T23:19:11.250468", "level": "ERROR", "logger": "src.core.signals", "message": "Signal deduplication failed: Can only use .dt accessor with datetimelike values", "module": "signals", "function": "_deduplicate_signals", "line": 519, "taskName": null, "asctime": "23:19:11"}
{"timestamp": "2025-08-05T23:19:11.321895", "level": "ERROR", "logger": "src.core.signals", "message": "Signal deduplication failed: Can only use .dt accessor with datetimelike values", "module": "signals", "function": "_deduplicate_signals", "line": 519, "taskName": null, "asctime": "23:19:11"}
{"timestamp": "2025-08-05T23:19:16.681701", "level": "ERROR", "logger": "src.core.signals", "message": "Signal deduplication failed: Can only use .dt accessor with datetimelike values", "module": "signals", "function": "_deduplicate_signals", "line": 519, "taskName": null, "asctime": "23:19:16"}
{"timestamp": "2025-08-05T23:19:16.751943", "level": "ERROR", "logger": "src.core.signals", "message": "Signal deduplication failed: Can only use .dt accessor with datetimelike values", "module": "signals", "function": "_deduplicate_signals", "line": 519, "taskName": null, "asctime": "23:19:16"}
{"timestamp": "2025-08-05T23:19:16.822894", "level": "ERROR", "logger": "src.core.signals", "message": "Signal deduplication failed: Can only use .dt accessor with datetimelike values", "module": "signals", "function": "_deduplicate_signals", "line": 519, "taskName": null, "asctime": "23:19:16"}
{"timestamp": "2025-08-05T23:19:18.017221", "level": "ERROR", "logger": "src.core.signals", "message": "Signal deduplication failed: Can only use .dt accessor with datetimelike values", "module": "signals", "function": "_deduplicate_signals", "line": 519, "taskName": null, "asctime": "23:19:18"}
{"timestamp": "2025-08-05T23:19:18.647966", "level": "ERROR", "logger": "src.core.signals", "message": "Signal deduplication failed: Can only use .dt accessor with datetimelike values", "module": "signals", "function": "_deduplicate_signals", "line": 519, "taskName": null, "asctime": "23:19:18"}
{"timestamp": "2025-08-05T23:19:24.682038", "level": "ERROR", "logger": "src.core.signals", "message": "Signal deduplication failed: Can only use .dt accessor with datetimelike values", "module": "signals", "function": "_deduplicate_signals", "line": 519, "taskName": null, "asctime": "23:19:24"}
{"timestamp": "2025-08-05T23:19:24.757725", "level": "ERROR", "logger": "src.core.signals", "message": "Signal deduplication failed: Can only use .dt accessor with datetimelike values", "module": "signals", "function": "_deduplicate_signals", "line": 519, "taskName": null, "asctime": "23:19:24"}
{"timestamp": "2025-08-05T23:19:24.832227", "level": "ERROR", "logger": "src.core.signals", "message": "Signal deduplication failed: Can only use .dt accessor with datetimelike values", "module": "signals", "function": "_deduplicate_signals", "line": 519, "taskName": null, "asctime": "23:19:24"}
{"timestamp": "2025-08-05T23:19:25.047936", "level": "ERROR", "logger": "src.core.signals", "message": "Signal deduplication failed: Can only use .dt accessor with datetimelike values", "module": "signals", "function": "_deduplicate_signals", "line": 519, "taskName": null, "asctime": "23:19:25"}
{"timestamp": "2025-08-05T23:19:25.122892", "level": "ERROR", "logger": "src.core.signals", "message": "Signal deduplication failed: Can only use .dt accessor with datetimelike values", "module": "signals", "function": "_deduplicate_signals", "line": 519, "taskName": null, "asctime": "23:19:25"}
{"timestamp": "2025-08-05T23:19:32.681930", "level": "ERROR", "logger": "src.core.signals", "message": "Signal deduplication failed: Can only use .dt accessor with datetimelike values", "module": "signals", "function": "_deduplicate_signals", "line": 519, "taskName": null, "asctime": "23:19:32"}
{"timestamp": "2025-08-05T23:19:32.752814", "level": "ERROR", "logger": "src.core.signals", "message": "Signal deduplication failed: Can only use .dt accessor with datetimelike values", "module": "signals", "function": "_deduplicate_signals", "line": 519, "taskName": null, "asctime": "23:19:32"}
{"timestamp": "2025-08-05T23:19:32.821694", "level": "ERROR", "logger": "src.core.signals", "message": "Signal deduplication failed: Can only use .dt accessor with datetimelike values", "module": "signals", "function": "_deduplicate_signals", "line": 519, "taskName": null, "asctime": "23:19:32"}
{"timestamp": "2025-08-05T23:19:33.029439", "level": "ERROR", "logger": "src.core.signals", "message": "Signal deduplication failed: Can only use .dt accessor with datetimelike values", "module": "signals", "function": "_deduplicate_signals", "line": 519, "taskName": null, "asctime": "23:19:33"}
{"timestamp": "2025-08-05T23:19:33.101359", "level": "ERROR", "logger": "src.core.signals", "message": "Signal deduplication failed: Can only use .dt accessor with datetimelike values", "module": "signals", "function": "_deduplicate_signals", "line": 519, "taskName": null, "asctime": "23:19:33"}
{"timestamp": "2025-08-05T23:19:41.647186", "level": "ERROR", "logger": "src.core.signals", "message": "Signal deduplication failed: Can only use .dt accessor with datetimelike values", "module": "signals", "function": "_deduplicate_signals", "line": 519, "taskName": null, "asctime": "23:19:41"}
{"timestamp": "2025-08-05T23:19:42.684077", "level": "ERROR", "logger": "src.core.signals", "message": "Signal deduplication failed: Can only use .dt accessor with datetimelike values", "module": "signals", "function": "_deduplicate_signals", "line": 519, "taskName": null, "asctime": "23:19:42"}
{"timestamp": "2025-08-05T23:19:43.250924", "level": "ERROR", "logger": "src.core.signals", "message": "Signal deduplication failed: Can only use .dt accessor with datetimelike values", "module": "signals", "function": "_deduplicate_signals", "line": 519, "taskName": null, "asctime": "23:19:43"}
{"timestamp": "2025-08-05T23:19:44.424335", "level": "ERROR", "logger": "src.core.signals", "message": "Signal deduplication failed: Can only use .dt accessor with datetimelike values", "module": "signals", "function": "_deduplicate_signals", "line": 519, "taskName": null, "asctime": "23:19:44"}
{"timestamp": "2025-08-05T23:19:44.496767", "level": "ERROR", "logger": "src.core.signals", "message": "Signal deduplication failed: Can only use .dt accessor with datetimelike values", "module": "signals", "function": "_deduplicate_signals", "line": 519, "taskName": null, "asctime": "23:19:44"}
{"timestamp": "2025-08-05T23:19:48.682656", "level": "ERROR", "logger": "src.core.signals", "message": "Signal deduplication failed: Can only use .dt accessor with datetimelike values", "module": "signals", "function": "_deduplicate_signals", "line": 519, "taskName": null, "asctime": "23:19:48"}
{"timestamp": "2025-08-05T23:19:48.753341", "level": "ERROR", "logger": "src.core.signals", "message": "Signal deduplication failed: Can only use .dt accessor with datetimelike values", "module": "signals", "function": "_deduplicate_signals", "line": 519, "taskName": null, "asctime": "23:19:48"}
{"timestamp": "2025-08-05T23:19:48.822804", "level": "ERROR", "logger": "src.core.signals", "message": "Signal deduplication failed: Can only use .dt accessor with datetimelike values", "module": "signals", "function": "_deduplicate_signals", "line": 519, "taskName": null, "asctime": "23:19:48"}
{"timestamp": "2025-08-05T23:19:50.499218", "level": "ERROR", "logger": "src.core.signals", "message": "Signal deduplication failed: Can only use .dt accessor with datetimelike values", "module": "signals", "function": "_deduplicate_signals", "line": 519, "taskName": null, "asctime": "23:19:50"}
{"timestamp": "2025-08-05T23:19:50.500999", "level": "ERROR", "logger": "src.trading.execution_engine", "message": "Spot trading only supports long positions, got: buy", "module": "execution_engine", "function": "open_position", "line": 572, "taskName": null, "asctime": "23:19:50"}
{"timestamp": "2025-08-05T23:19:50.501163", "level": "ERROR", "logger": "src.scalper_bot", "message": "Failed to execute position for WIF/USDT", "module": "scalper_bot", "function": "_scan_for_signals", "line": 378, "taskName": null, "asctime": "23:19:50"}
{"timestamp": "2025-08-05T23:19:51.134588", "level": "ERROR", "logger": "src.core.signals", "message": "Signal deduplication failed: Can only use .dt accessor with datetimelike values", "module": "signals", "function": "_deduplicate_signals", "line": 519, "taskName": null, "asctime": "23:19:51"}
{"timestamp": "2025-08-05T23:19:56.684591", "level": "ERROR", "logger": "src.core.signals", "message": "Signal deduplication failed: Can only use .dt accessor with datetimelike values", "module": "signals", "function": "_deduplicate_signals", "line": 519, "taskName": null, "asctime": "23:19:56"}
{"timestamp": "2025-08-05T23:19:56.755553", "level": "ERROR", "logger": "src.core.signals", "message": "Signal deduplication failed: Can only use .dt accessor with datetimelike values", "module": "signals", "function": "_deduplicate_signals", "line": 519, "taskName": null, "asctime": "23:19:56"}
{"timestamp": "2025-08-05T23:19:56.825516", "level": "ERROR", "logger": "src.core.signals", "message": "Signal deduplication failed: Can only use .dt accessor with datetimelike values", "module": "signals", "function": "_deduplicate_signals", "line": 519, "taskName": null, "asctime": "23:19:56"}
{"timestamp": "2025-08-05T23:19:57.035073", "level": "ERROR", "logger": "src.core.signals", "message": "Signal deduplication failed: Can only use .dt accessor with datetimelike values", "module": "signals", "function": "_deduplicate_signals", "line": 519, "taskName": null, "asctime": "23:19:57"}
{"timestamp": "2025-08-05T23:19:57.108392", "level": "ERROR", "logger": "src.core.signals", "message": "Signal deduplication failed: Can only use .dt accessor with datetimelike values", "module": "signals", "function": "_deduplicate_signals", "line": 519, "taskName": null, "asctime": "23:19:57"}
{"timestamp": "2025-08-05T23:20:04.681853", "level": "ERROR", "logger": "src.core.signals", "message": "Signal deduplication failed: Can only use .dt accessor with datetimelike values", "module": "signals", "function": "_deduplicate_signals", "line": 519, "taskName": null, "asctime": "23:20:04"}
{"timestamp": "2025-08-05T23:20:04.751067", "level": "ERROR", "logger": "src.core.signals", "message": "Signal deduplication failed: Can only use .dt accessor with datetimelike values", "module": "signals", "function": "_deduplicate_signals", "line": 519, "taskName": null, "asctime": "23:20:04"}
{"timestamp": "2025-08-05T23:20:04.819725", "level": "ERROR", "logger": "src.core.signals", "message": "Signal deduplication failed: Can only use .dt accessor with datetimelike values", "module": "signals", "function": "_deduplicate_signals", "line": 519, "taskName": null, "asctime": "23:20:04"}
{"timestamp": "2025-08-05T23:20:05.031145", "level": "ERROR", "logger": "src.core.signals", "message": "Signal deduplication failed: Can only use .dt accessor with datetimelike values", "module": "signals", "function": "_deduplicate_signals", "line": 519, "taskName": null, "asctime": "23:20:05"}
{"timestamp": "2025-08-05T23:20:05.103440", "level": "ERROR", "logger": "src.core.signals", "message": "Signal deduplication failed: Can only use .dt accessor with datetimelike values", "module": "signals", "function": "_deduplicate_signals", "line": 519, "taskName": null, "asctime": "23:20:05"}
{"timestamp": "2025-08-05T23:29:34.759266", "level": "ERROR", "logger": "src.core.signals", "message": "Signal summary calculation failed: division by zero", "module": "signals", "function": "get_signal_summary", "line": 538, "taskName": null, "asctime": "23:29:34"}
{"timestamp": "2025-08-05T23:34:23.027275", "level": "ERROR", "logger": "src.core.signals", "message": "Signal summary calculation failed: division by zero", "module": "signals", "function": "get_signal_summary", "line": 538, "taskName": null, "asctime": "23:34:23"}
{"timestamp": "2025-08-05T23:37:33.787791", "level": "ERROR", "logger": "src.core.signals", "message": "Signal summary calculation failed: division by zero", "module": "signals", "function": "get_signal_summary", "line": 539, "taskName": null, "asctime": "23:37:33"}
{"timestamp": "2025-08-05T23:39:43.667882", "level": "ERROR", "logger": "src.core.signals", "message": "Signal summary calculation failed: division by zero", "module": "signals", "function": "get_signal_summary", "line": 580, "taskName": null, "asctime": "23:39:43"}
{"timestamp": "2025-08-06T01:20:44.334898", "level": "ERROR", "logger": "src.scalper_bot", "message": "Bot setup failed: Failed to connect to binance: binance does not have a testnet/sandbox URL for public endpoints", "module": "scalper_bot", "function": "setup", "line": 165, "exception": "Traceback (most recent call last):\n  File \"B:\\fuckyou\\src\\trading\\market_data.py\", line 97, in _create_exchange\n    exchange.load_markets()\n    ~~~~~~~~~~~~~~~~~~~~~^^\n  File \"C:\\Users\\danymark\\AppData\\Local\\Programs\\Python\\Python313\\Lib\\site-packages\\ccxt\\base\\exchange.py\", line 1553, in load_markets\n    markets = self.fetch_markets(params)\n  File \"C:\\Users\\danymark\\AppData\\Local\\Programs\\Python\\Python313\\Lib\\site-packages\\ccxt\\binance.py\", line 3040, in fetch_markets\n    promisesRaw.append(self.publicGetExchangeInfo(params))\n                       ~~~~~~~~~~~~~~~~~~~~~~~~~~^^^^^^^^\n  File \"C:\\Users\\danymark\\AppData\\Local\\Programs\\Python\\Python313\\Lib\\site-packages\\ccxt\\base\\types.py\", line 35, in unbound_method\n    return _self.request(self.path, self.api, self.method, params, config=self.config)\n           ~~~~~~~~~~~~~^^^^^^^^^^^^^^^^^^^^^^^^^^^^^^^^^^^^^^^^^^^^^^^^^^^^^^^^^^^^^^\n  File \"C:\\Users\\danymark\\AppData\\Local\\Programs\\Python\\Python313\\Lib\\site-packages\\ccxt\\binance.py\", line 11336, in request\n    response = self.fetch2(path, api, method, params, headers, body, config)\n  File \"C:\\Users\\danymark\\AppData\\Local\\Programs\\Python\\Python313\\Lib\\site-packages\\ccxt\\base\\exchange.py\", line 4488, in fetch2\n    request = self.sign(path, api, method, params, headers, body)\n  File \"C:\\Users\\danymark\\AppData\\Local\\Programs\\Python\\Python313\\Lib\\site-packages\\ccxt\\binance.py\", line 11128, in sign\n    raise NotSupported(self.id + ' does not have a testnet/sandbox URL for ' + api + ' endpoints')\nccxt.base.errors.NotSupported: binance does not have a testnet/sandbox URL for public endpoints\n\nDuring handling of the above exception, another exception occurred:\n\nTraceback (most recent call last):\n  File \"B:\\fuckyou\\src\\scalper_bot.py\", line 111, in setup\n    self.market_data = MarketDataProvider(\n                       ~~~~~~~~~~~~~~~~~~^\n        exchange_id=self.config.execution.exchange,\n        ^^^^^^^^^^^^^^^^^^^^^^^^^^^^^^^^^^^^^^^^^^^\n        sandbox=self.config.execution.sandbox_mode\n        ^^^^^^^^^^^^^^^^^^^^^^^^^^^^^^^^^^^^^^^^^^\n    )\n    ^\n  File \"B:\\fuckyou\\src\\trading\\market_data.py\", line 56, in __init__\n    self._exchange = self._create_exchange()\n                     ~~~~~~~~~~~~~~~~~~~~~^^\n  File \"B:\\fuckyou\\src\\trading\\market_data.py\", line 103, in _create_exchange\n    raise MarketDataError(f\"Failed to connect to {self.exchange_id}: {str(e)}\")\nsrc.trading.market_data.MarketDataError: Failed to connect to binance: binance does not have a testnet/sandbox URL for public endpoints", "taskName": null, "asctime": "01:20:44"}
{"timestamp": "2025-08-06T01:46:22.881277", "level": "ERROR", "logger": "src.strategies.ict_scalper", "message": "Signal evaluation failed: 'ICTScalpingStrategy' object has no attribute '_last_signal_candle_ts'", "module": "ict_scalper", "function": "evaluate_signal", "line": 339, "taskName": null, "asctime": "01:46:22"}
{"timestamp": "2025-08-06T01:46:24.022164", "level": "ERROR", "logger": "src.strategies.ict_scalper", "message": "Signal evaluation failed: 'ICTScalpingStrategy' object has no attribute '_last_signal_candle_ts'", "module": "ict_scalper", "function": "evaluate_signal", "line": 339, "taskName": null, "asctime": "01:46:24"}
{"timestamp": "2025-08-06T01:47:17.631945", "level": "ERROR", "logger": "src.strategies.ict_scalper", "message": "Signal evaluation failed: 'ICTScalpingStrategy' object has no attribute '_last_signal_candle_ts'", "module": "ict_scalper", "function": "evaluate_signal", "line": 339, "taskName": null, "asctime": "01:47:17"}
{"timestamp": "2025-08-06T01:47:18.213444", "level": "ERROR", "logger": "src.strategies.ict_scalper", "message": "Signal evaluation failed: 'ICTScalpingStrategy' object has no attribute '_last_signal_candle_ts'", "module": "ict_scalper", "function": "evaluate_signal", "line": 339, "taskName": null, "asctime": "01:47:18"}
{"timestamp": "2025-08-06T01:47:18.782255", "level": "ERROR", "logger": "src.strategies.ict_scalper", "message": "Signal evaluation failed: 'ICTScalpingStrategy' object has no attribute '_last_signal_candle_ts'", "module": "ict_scalper", "function": "evaluate_signal", "line": 339, "taskName": null, "asctime": "01:47:18"}
{"timestamp": "2025-08-06T01:48:12.879748", "level": "ERROR", "logger": "src.strategies.ict_scalper", "message": "Signal evaluation failed: 'ICTScalpingStrategy' object has no attribute '_last_signal_candle_ts'", "module": "ict_scalper", "function": "evaluate_signal", "line": 339, "taskName": null, "asctime": "01:48:12"}
{"timestamp": "2025-08-06T01:48:13.442465", "level": "ERROR", "logger": "src.strategies.ict_scalper", "message": "Signal evaluation failed: 'ICTScalpingStrategy' object has no attribute '_last_signal_candle_ts'", "module": "ict_scalper", "function": "evaluate_signal", "line": 339, "taskName": null, "asctime": "01:48:13"}
{"timestamp": "2025-08-06T01:48:14.006438", "level": "ERROR", "logger": "src.strategies.ict_scalper", "message": "Signal evaluation failed: 'ICTScalpingStrategy' object has no attribute '_last_signal_candle_ts'", "module": "ict_scalper", "function": "evaluate_signal", "line": 339, "taskName": null, "asctime": "01:48:14"}
{"timestamp": "2025-08-06T01:49:07.641184", "level": "ERROR", "logger": "src.strategies.ict_scalper", "message": "Signal evaluation failed: 'ICTScalpingStrategy' object has no attribute '_last_signal_candle_ts'", "module": "ict_scalper", "function": "evaluate_signal", "line": 339, "taskName": null, "asctime": "01:49:07"}
{"timestamp": "2025-08-06T01:49:08.205932", "level": "ERROR", "logger": "src.strategies.ict_scalper", "message": "Signal evaluation failed: 'ICTScalpingStrategy' object has no attribute '_last_signal_candle_ts'", "module": "ict_scalper", "function": "evaluate_signal", "line": 339, "taskName": null, "asctime": "01:49:08"}
{"timestamp": "2025-08-06T01:49:08.774360", "level": "ERROR", "logger": "src.strategies.ict_scalper", "message": "Signal evaluation failed: 'ICTScalpingStrategy' object has no attribute '_last_signal_candle_ts'", "module": "ict_scalper", "function": "evaluate_signal", "line": 339, "taskName": null, "asctime": "01:49:08"}
{"timestamp": "2025-08-06T01:50:02.887931", "level": "ERROR", "logger": "src.strategies.ict_scalper", "message": "Signal evaluation failed: 'ICTScalpingStrategy' object has no attribute '_last_signal_candle_ts'", "module": "ict_scalper", "function": "evaluate_signal", "line": 339, "taskName": null, "asctime": "01:50:02"}
{"timestamp": "2025-08-06T01:50:03.450512", "level": "ERROR", "logger": "src.strategies.ict_scalper", "message": "Signal evaluation failed: 'ICTScalpingStrategy' object has no attribute '_last_signal_candle_ts'", "module": "ict_scalper", "function": "evaluate_signal", "line": 339, "taskName": null, "asctime": "01:50:03"}
{"timestamp": "2025-08-06T01:50:04.031784", "level": "ERROR", "logger": "src.strategies.ict_scalper", "message": "Signal evaluation failed: 'ICTScalpingStrategy' object has no attribute '_last_signal_candle_ts'", "module": "ict_scalper", "function": "evaluate_signal", "line": 339, "taskName": null, "asctime": "01:50:04"}
{"timestamp": "2025-08-06T01:50:57.633158", "level": "ERROR", "logger": "src.strategies.ict_scalper", "message": "Signal evaluation failed: 'ICTScalpingStrategy' object has no attribute '_last_signal_candle_ts'", "module": "ict_scalper", "function": "evaluate_signal", "line": 339, "taskName": null, "asctime": "01:50:57"}
{"timestamp": "2025-08-06T01:50:58.192232", "level": "ERROR", "logger": "src.strategies.ict_scalper", "message": "Signal evaluation failed: 'ICTScalpingStrategy' object has no attribute '_last_signal_candle_ts'", "module": "ict_scalper", "function": "evaluate_signal", "line": 339, "taskName": null, "asctime": "01:50:58"}
{"timestamp": "2025-08-06T01:50:58.757090", "level": "ERROR", "logger": "src.strategies.ict_scalper", "message": "Signal evaluation failed: 'ICTScalpingStrategy' object has no attribute '_last_signal_candle_ts'", "module": "ict_scalper", "function": "evaluate_signal", "line": 339, "taskName": null, "asctime": "01:50:58"}
{"timestamp": "2025-08-06T01:51:52.874882", "level": "ERROR", "logger": "src.strategies.ict_scalper", "message": "Signal evaluation failed: 'ICTScalpingStrategy' object has no attribute '_last_signal_candle_ts'", "module": "ict_scalper", "function": "evaluate_signal", "line": 339, "taskName": null, "asctime": "01:51:52"}
{"timestamp": "2025-08-06T01:51:53.431691", "level": "ERROR", "logger": "src.strategies.ict_scalper", "message": "Signal evaluation failed: 'ICTScalpingStrategy' object has no attribute '_last_signal_candle_ts'", "module": "ict_scalper", "function": "evaluate_signal", "line": 339, "taskName": null, "asctime": "01:51:53"}
{"timestamp": "2025-08-06T01:52:47.645992", "level": "ERROR", "logger": "src.strategies.ict_scalper", "message": "Signal evaluation failed: 'ICTScalpingStrategy' object has no attribute '_last_signal_candle_ts'", "module": "ict_scalper", "function": "evaluate_signal", "line": 339, "taskName": null, "asctime": "01:52:47"}
{"timestamp": "2025-08-06T01:52:48.210263", "level": "ERROR", "logger": "src.strategies.ict_scalper", "message": "Signal evaluation failed: 'ICTScalpingStrategy' object has no attribute '_last_signal_candle_ts'", "module": "ict_scalper", "function": "evaluate_signal", "line": 339, "taskName": null, "asctime": "01:52:48"}
{"timestamp": "2025-08-06T01:53:42.875872", "level": "ERROR", "logger": "src.strategies.ict_scalper", "message": "Signal evaluation failed: 'ICTScalpingStrategy' object has no attribute '_last_signal_candle_ts'", "module": "ict_scalper", "function": "evaluate_signal", "line": 339, "taskName": null, "asctime": "01:53:42"}
{"timestamp": "2025-08-06T01:53:43.443143", "level": "ERROR", "logger": "src.strategies.ict_scalper", "message": "Signal evaluation failed: 'ICTScalpingStrategy' object has no attribute '_last_signal_candle_ts'", "module": "ict_scalper", "function": "evaluate_signal", "line": 339, "taskName": null, "asctime": "01:53:43"}
{"timestamp": "2025-08-06T01:54:37.638469", "level": "ERROR", "logger": "src.strategies.ict_scalper", "message": "Signal evaluation failed: 'ICTScalpingStrategy' object has no attribute '_last_signal_candle_ts'", "module": "ict_scalper", "function": "evaluate_signal", "line": 339, "taskName": null, "asctime": "01:54:37"}
{"timestamp": "2025-08-06T01:54:38.203359", "level": "ERROR", "logger": "src.strategies.ict_scalper", "message": "Signal evaluation failed: 'ICTScalpingStrategy' object has no attribute '_last_signal_candle_ts'", "module": "ict_scalper", "function": "evaluate_signal", "line": 339, "taskName": null, "asctime": "01:54:38"}
{"timestamp": "2025-08-06T01:55:32.878834", "level": "ERROR", "logger": "src.strategies.ict_scalper", "message": "Signal evaluation failed: 'ICTScalpingStrategy' object has no attribute '_last_signal_candle_ts'", "module": "ict_scalper", "function": "evaluate_signal", "line": 339, "taskName": null, "asctime": "01:55:32"}
{"timestamp": "2025-08-06T01:55:33.441435", "level": "ERROR", "logger": "src.strategies.ict_scalper", "message": "Signal evaluation failed: 'ICTScalpingStrategy' object has no attribute '_last_signal_candle_ts'", "module": "ict_scalper", "function": "evaluate_signal", "line": 339, "taskName": null, "asctime": "01:55:33"}
{"timestamp": "2025-08-06T10:05:49.537556", "level": "ERROR", "logger": "src.scalper_bot", "message": "Error closing position DOGE/USDT: ExecutionEngine.close_position() missing 1 required positional argument: 'exit_reason'", "module": "scalper_bot", "function": "_close_all_positions", "line": 508, "taskName": null, "asctime": "10:05:49"}
{"timestamp": "2025-08-06T10:05:49.780043", "level": "ERROR", "logger": "src.scalper_bot", "message": "Error closing position PEPE/USDT: ExecutionEngine.close_position() missing 1 required positional argument: 'exit_reason'", "module": "scalper_bot", "function": "_close_all_positions", "line": 508, "taskName": null, "asctime": "10:05:49"}
{"timestamp": "2025-08-06T10:05:50.023894", "level": "ERROR", "logger": "src.scalper_bot", "message": "Error closing position TRUMP/USDT: ExecutionEngine.close_position() missing 1 required positional argument: 'exit_reason'", "module": "scalper_bot", "function": "_close_all_positions", "line": 508, "taskName": null, "asctime": "10:05:50"}
{"timestamp": "2025-08-06T10:05:50.263064", "level": "ERROR", "logger": "src.scalper_bot", "message": "Error closing position PENGU/USDT: ExecutionEngine.close_position() missing 1 required positional argument: 'exit_reason'", "module": "scalper_bot", "function": "_close_all_positions", "line": 508, "taskName": null, "asctime": "10:05:50"}
{"timestamp": "2025-08-06T10:06:14.589451", "level": "ERROR", "logger": "src.scalper_bot", "message": "Error closing position DOGE/USDT: ExecutionEngine.close_position() missing 1 required positional argument: 'exit_reason'", "module": "scalper_bot", "function": "_close_all_positions", "line": 508, "taskName": null, "asctime": "10:06:14"}
{"timestamp": "2025-08-06T10:06:14.829370", "level": "ERROR", "logger": "src.scalper_bot", "message": "Error closing position PEPE/USDT: ExecutionEngine.close_position() missing 1 required positional argument: 'exit_reason'", "module": "scalper_bot", "function": "_close_all_positions", "line": 508, "taskName": null, "asctime": "10:06:14"}
{"timestamp": "2025-08-06T10:06:15.072368", "level": "ERROR", "logger": "src.scalper_bot", "message": "Error closing position TRUMP/USDT: ExecutionEngine.close_position() missing 1 required positional argument: 'exit_reason'", "module": "scalper_bot", "function": "_close_all_positions", "line": 508, "taskName": null, "asctime": "10:06:15"}
{"timestamp": "2025-08-06T10:06:15.316060", "level": "ERROR", "logger": "src.scalper_bot", "message": "Error closing position PENGU/USDT: ExecutionEngine.close_position() missing 1 required positional argument: 'exit_reason'", "module": "scalper_bot", "function": "_close_all_positions", "line": 508, "taskName": null, "asctime": "10:06:15"}
